# Vendor dependencies
js/vend/jquery.1.4.2.js
js/vend/json2.js
js/vend/jquery-jtemplates.js
js/vend/jquery.bbq.js
js/vend/jquery.flot.js
		
# Core dependencies
js/morpheus.js
js/morpheus.ui.js
js/vend/jquery.simplemodal.js
js/morpheus.event.js
js/morpheus.neo4j.js
js/morpheus.servermanager.js
js/morpheus.forms.js
		
# Component dependencies
components/morpheus.lifecycle/js/init.js

components/morpheus.data/js/propertiesToListManager.js
components/morpheus.data/js/init.js
components/morpheus.data/js/propertyEditor.js
components/morpheus.data/js/nodeManager.js
components/morpheus.data/js/relationshipManager.js

components/morpheus.monitor/js/init.js
components/morpheus.monitor/js/jmx.js
components/morpheus.monitor/js/PrimitiveCountWidget.js
components/morpheus.monitor/js/JmxValueTracker.js
components/morpheus.monitor/js/DiskUsageWidget.js
components/morpheus.monitor/js/CacheWidget.js
components/morpheus.monitor/js/CacheWidget.js
components/morpheus.monitor/js/MonitorChart.js

components/morpheus.console/js/init.js
components/morpheus.config/js/init.js
		
components/morpheus.backup/js/StatusTracker.js
components/morpheus.backup/js/Schedule.js
components/morpheus.backup/js/init.js

components/morpheus.io/js/init.js
components/morpheus.io/js/export.js